AREA .  .ABS.
	RADIX HEX
	BASE 0000
	SIZE 0000
	ATTRIB ABS OVR
	GLOBALS
		l__HEAP	0000
		l__BSEG	0000
		l_.  .ABS.	0000
		l__GSFINAL	0000
		l__ISEG	0000
		s_.  .ABS.	0000
		s__HEADER	0000
		l__XSEG	0000
		.init	0000
		l__OVERLAY	0000
		l__LIT	0000
		s__SFR	0000
		l__GSINITTAIL	0001
		l__BSS	0084
		l__HOME	01AC
		l__HEADER	01EB
		s__CODE	0200
		l__DATA	0336
		l__CODE	07DD
		s__HOME	09DD
		s__BASE	0B89
		l__GSINIT	1344
		l__BASE	1B4A
		s__LIT	26D3
		s__GSINIT	26D3
		s__GSINITTAIL	3A17
		s__GSFINAL	3A18
		.OAM	C000
		s__DATA	C0A0
		s__BSS	C3D6
		s__HEAP	C45A
		s__BSEG	C45A
		s__ISEG	C45A
		s__XSEG	C45A
		s__OVERLAY	C45A
		.STACK	E000
		.refresh_OAM	FF80
		l__SFR	10000
AREA _CODE
	RADIX HEX
	BASE 0200
	SIZE 07DD
	ATTRIB REL CON
	GLOBALS
		_main	0200
		_putchar	026C
		_setchar	0275
		_gotoxy	027E
		_posx	0289
		_posy	029A
		.adv_gcurs	02AB
		.circle	02C8
		.horlin	036B
		.verlin	03A3
		.circplot	03FF
		.box	047D
		.line	0553
		.xonly	0674
		.yonly	07C3
		.plot	07E4
		.wrbyte	0801
		.getpix	0883
		.wrtchr	08B8
		_gotogxy	091C
		_wrtchr	0927
		_getpix	093C
		_color	0948
		_circle	0957
		_box	0971
		_line	0995
		_plot_point	09AD
		_plot	09C1
AREA _HEADER
	RADIX HEX
	BASE 0000
	SIZE 01EB
	ATTRIB ABS OVR
	GLOBALS
		_exit	01D2
AREA _HOME
	RADIX HEX
	BASE 09DD
	SIZE 01AC
	ATTRIB REL CON
	GLOBALS
		.set_mode	09DD
		.remove_VBL	09ED
		.remove_LCD	09F3
		.remove_TIM	09F9
		.remove_SIO	09FF
		.remove_JOY	0A05
		.add_VBL	0A0B
		.add_LCD	0A11
		.add_TIM	0A17
		.add_SIO	0A1D
		.add_JOY	0A23
		.remove_int	0A29
		.add_int	0A49
		.wait_vbl_done	0A65
		_wait_vbl_done	0A65
		_display_off	0A7C
		.display_off	0A7C
		.serial_IO	0A9D
		_mode	0ACC
		_get_mode	0AD5
		_enable_interrupts	0ADA
		_disable_interrupts	0ADC
		_reset	0ADE
		.reset	0ADE
		_set_interrupts	0AE4
		_remove_VBL	0AEF
		_remove_LCD	0AFA
		_remove_TIM	0B05
		_remove_SIO	0B10
		_remove_JOY	0B1B
		_add_VBL	0B26
		_add_LCD	0B31
		_add_TIM	0B3C
		_add_SIO	0B47
		_add_JOY	0B52
		_clock	0B5D
		__printTStates	0B66
		banked_call	0B67
		banked_ret	0B80
AREA _BASE
	RADIX HEX
	BASE 0B89
	SIZE 1B4A
	ATTRIB REL CON
	GLOBALS
		font_copy_uncompressed	0B89
		font_copy_compressed	0BBF
		font_load	0C14
		font_copy_current	0C5C
		font_set	0CA4
		.put_char	0CB1
		.out_char	0CCA
		.del_char	0CD1
		_font_load	0D2C
		_font_set	0D3A
		_font_init	0D49
		_cls	0D6B
		.cls	0D6B
		.cr_curs	0D9D
		.adv_curs	0DB2
		.tmode	0E0E
		.tmode_out	0E37
		_font_spect	0E47
		_set_win_tiles	11C9
		_font_load_ibm_fixed	11DD
		_font_ibm_fixed	11E4
		_font_ibm_fixed_tiles	12E6
		.gmode	1AE6
		.vbl	1B48
		.lcd	1B53
		.draw_image	1B60
		.switch_data	1B6A
		_switch_data	1BA1
		_draw_image	1BBC
		.y_table	1BCF
		_font_italic	1CEF
		_font_ibm	2059
		.init_vram	23DB
		.init_wtt	23E9
		.init_btt	23F9
		.init_tt	2407
		_set_win_data	240D
		_set_bkg_data	240D
		_set_sprite_data	245A
		_font_min	2489
		.copy_vram	2633
		_get_data	2642
		_set_data	2642
		_set_bkg_tiles	2655
		.set_xy_wtt	2669
		.set_xy_btt	267A
		.set_xy_tt	2689
		_set_tiles	26BA
AREA _LIT
	RADIX HEX
	BASE 26D3
	SIZE 0000
	ATTRIB REL CON
AREA _GSINIT
	RADIX HEX
	BASE 26D3
	SIZE 1344
	ATTRIB REL CON
	GLOBALS
		gsinit	26D3
AREA _GSINITTAIL
	RADIX HEX
	BASE 3A17
	SIZE 0001
	ATTRIB REL CON
AREA _GSFINAL
	RADIX HEX
	BASE 3A18
	SIZE 0000
	ATTRIB REL CON
AREA _DATA
	RADIX HEX
	BASE C0A0
	SIZE 0336
	ATTRIB REL CON
	GLOBALS
		_BackgroundSprites	C0A0
		_backgrounddemo	C100
		_windowmap	C3D0
AREA _BSS
	RADIX HEX
	BASE C3D6
	SIZE 0084
	ATTRIB REL CON
	GLOBALS
		__cpu	C3D6
		.mode	C3D7
		__io_out	C3D8
		__io_in	C3D9
		__io_status	C3DA
		.vbl_done	C3DB
		__current_bank	C3DC
		_sys_time	C3DD
		.sys_time	C3DD
		.int_0x40	C3DF
		.int_0x48	C3EF
		.int_0x50	C3FF
		.int_0x58	C40F
		.int_0x60	C41F
		font_current	C42F
		font_first_free_tile	C432
		font_table	C433
		.curx	C445
		.cury	C446
		.fg_colour	C447
		.bg_colour	C448
AREA _HEAP
	RADIX HEX
	BASE C45A
	SIZE 0000
	ATTRIB REL CON
	GLOBALS
		_malloc_heap_start	C45A
AREA _OVERLAY
	RADIX HEX
	BASE C45A
	SIZE 0000
	ATTRIB REL CON
AREA _ISEG
	RADIX HEX
	BASE C45A
	SIZE 0000
	ATTRIB REL CON
AREA _BSEG
	RADIX HEX
	BASE C45A
	SIZE 0000
	ATTRIB REL CON
AREA _XSEG
	RADIX HEX
	BASE C45A
	SIZE 0000
	ATTRIB REL CON
AREA _SFR
	RADIX HEX
	BASE 0000
	SIZE 10000
	ATTRIB ABS OVR
	GLOBALS
		_P1_REG	FF00
		_SB_REG	FF01
		_SC_REG	FF02
		_DIV_REG	FF04
		_TIMA_REG	FF05
		_TMA_REG	FF06
		_TAC_REG	FF07
		_IF_REG	FF0F
		_NR10_REG	FF10
		_NR11_REG	FF11
		_NR12_REG	FF12
		_NR13_REG	FF13
		_NR14_REG	FF14
		_NR21_REG	FF16
		_NR22_REG	FF17
		_NR23_REG	FF18
		_NR24_REG	FF19
		_NR30_REG	FF1A
		_NR31_REG	FF1B
		_NR32_REG	FF1C
		_NR33_REG	FF1D
		_NR34_REG	FF1E
		_NR41_REG	FF20
		_NR42_REG	FF21
		_NR43_REG	FF22
		_NR44_REG	FF23
		_NR50_REG	FF24
		_NR51_REG	FF25
		_NR52_REG	FF26
		_LCDC_REG	FF40
		_STAT_REG	FF41
		_SCY_REG	FF42
		_SCX_REG	FF43
		_LY_REG	FF44
		_LYC_REG	FF45
		_DMA_REG	FF46
		_BGP_REG	FF47
		_OBP0_REG	FF48
		_OBP1_REG	FF49
		_WY_REG	FF4A
		_WX_REG	FF4B
		_KEY1_REG	FF4D
		_VBK_REG	FF4F
		_HDMA1_REG	FF51
		_HDMA2_REG	FF52
		_HDMA3_REG	FF53
		_HDMA4_REG	FF54
		_HDMA5_REG	FF55
		_RP_REG	FF56
		_BCPS_REG	FF68
		_BCPD_REG	FF69
		_OCPS_REG	FF6A
		_OCPD_REG	FF6B
		_SVBK_REG	FF70
		_IE_REG	FFFF
MODULES
	FILE c:\gbdk\lib/small/asxxxx/gb/crt0.o
		NAME Runtime
	FILE backgrounds.o
		NAME lcc412720
LIBRARIES
	LIBRARY c:\gbdk\lib/small/asxxxx/gb/gb.lib
		MODULE sfr.o
	LIBRARY c:\gbdk\lib/small/asxxxx/gb/gb.lib
		MODULE font.o
	LIBRARY c:\gbdk\lib/small/asxxxx/gb/gb.lib
		MODULE f_spect.o
	LIBRARY c:\gbdk\lib/small/asxxxx/gb/gb.lib
		MODULE set_wi_t.o
	LIBRARY c:\gbdk\lib/small/asxxxx/gb/gb.lib
		MODULE ibmfixed.o
	LIBRARY c:\gbdk\lib/small/asxxxx/gb/gb.lib
		MODULE drawing.o
	LIBRARY c:\gbdk\lib/small/asxxxx/gb/gb.lib
		MODULE f_italic.o
	LIBRARY c:\gbdk\lib/small/asxxxx/gb/gb.lib
		MODULE f_ibm_sh.o
	LIBRARY c:\gbdk\lib/small/asxxxx/gb/gb.lib
		MODULE init_tt.o
	LIBRARY c:\gbdk\lib/small/asxxxx/gb/gb.lib
		MODULE set_data.o
	LIBRARY c:\gbdk\lib/small/asxxxx/gb/gb.lib
		MODULE f_min.o
	LIBRARY c:\gbdk\lib/small/asxxxx/gb/gb.lib
		MODULE cpy_data.o
	LIBRARY c:\gbdk\lib/small/asxxxx/gb/gb.lib
		MODULE set_bk_t.o
	LIBRARY c:\gbdk\lib/small/asxxxx/gb/gb.lib
		MODULE set_xy_t.o
USERBASEDEF
	_CODE=0x0200
	_DATA=0xC0A0
	_CODE_1=0x4000
USERGLOBALDEF
	.OAM=0xC000
	.STACK=0xE000
	.refresh_OAM=0xFF80
	.init=0x0000
