AREA .  .ABS.
	RADIX HEX
	BASE 0000
	SIZE 0000
	ATTRIB ABS OVR
	GLOBALS
		l__DATA	0000
		l__HEAP	0000
		l__BSEG	0000
		l_.  .ABS.	0000
		l__GSFINAL	0000
		l__ISEG	0000
		s_.  .ABS.	0000
		s__HEADER	0000
		l__XSEG	0000
		.init	0000
		l__OVERLAY	0000
		l__LIT	0000
		l__GSINIT	0000
		s__SFR	0000
		l__GSINITTAIL	0001
		l__BSS	0087
		l__HEADER	01EB
		s__CODE	0200
		l__HOME	04AF
		l__CODE	0793
		s__HOME	0993
		s__BASE	0E42
		l__BASE	0F11
		s__GSINITTAIL	1D53
		s__LIT	1D53
		s__GSINIT	1D53
		s__GSFINAL	1D54
		.OAM	C000
		s__DATA	C0A0
		s__BSS	C0A0
		s__HEAP	C127
		s__BSEG	C127
		s__ISEG	C127
		s__XSEG	C127
		s__OVERLAY	C127
		.STACK	E000
		.refresh_OAM	FF80
		l__SFR	10000
AREA _CODE
	RADIX HEX
	BASE 0200
	SIZE 0793
	ATTRIB REL CON
	GLOBALS
		_main	0200
		_putchar	0222
		_setchar	022B
		_gotoxy	0234
		_posx	023F
		_posy	0250
		.adv_gcurs	0261
		.circle	027E
		.horlin	0321
		.verlin	0359
		.circplot	03B5
		.box	0433
		.line	0509
		.xonly	062A
		.yonly	0779
		.plot	079A
		.wrbyte	07B7
		.getpix	0839
		.wrtchr	086E
		_gotogxy	08D2
		_wrtchr	08DD
		_getpix	08F2
		_color	08FE
		_circle	090D
		_box	0927
		_line	094B
		_plot_point	0963
		_plot	0977
AREA _HEADER
	RADIX HEX
	BASE 0000
	SIZE 01EB
	ATTRIB ABS OVR
	GLOBALS
		_exit	01D2
AREA _HOME
	RADIX HEX
	BASE 0993
	SIZE 04AF
	ATTRIB REL CON
	GLOBALS
		.set_mode	0993
		.remove_VBL	09A3
		.remove_LCD	09A9
		.remove_TIM	09AF
		.remove_SIO	09B5
		.remove_JOY	09BB
		.add_VBL	09C1
		.add_LCD	09C7
		.add_TIM	09CD
		.add_SIO	09D3
		.add_JOY	09D9
		.remove_int	09DF
		.add_int	09FF
		.wait_vbl_done	0A1B
		_wait_vbl_done	0A1B
		_display_off	0A32
		.display_off	0A32
		.serial_IO	0A53
		_mode	0A82
		_get_mode	0A8B
		_enable_interrupts	0A90
		_disable_interrupts	0A92
		_reset	0A94
		.reset	0A94
		_set_interrupts	0A9A
		_remove_VBL	0AA5
		_remove_LCD	0AB0
		_remove_TIM	0ABB
		_remove_SIO	0AC6
		_remove_JOY	0AD1
		_add_VBL	0ADC
		_add_LCD	0AE7
		_add_TIM	0AF2
		_add_SIO	0AFD
		_add_JOY	0B08
		_clock	0B13
		__printTStates	0B1C
		banked_call	0B1D
		banked_ret	0B36
		_printf	0B3F
		_sprintf	0B6E
AREA _BASE
	RADIX HEX
	BASE 0E42
	SIZE 0F11
	ATTRIB REL CON
	GLOBALS
		__modslong	0E42
		__divslong	0E42
		__mulslong	0E42
		__divschar	0E43
		__modschar	0E4F
		__divsint	0E5A
		__modsint	0E6B
		__divuchar	0E7A
		__moduchar	0E86
		__divuint	0E91
		__moduint	0EA2
		.mod8	0EB1
		.div8	0EB1
		.mod16	0EB9
		.div16	0EB9
		.modu8	0EEF
		.divu8	0EEF
		.modu16	0EF2
		.divu16	0EF2
		font_copy_uncompressed	0F2F
		font_copy_compressed	0F65
		font_load	0FBA
		font_copy_current	1002
		font_set	104A
		.put_char	1057
		.out_char	1070
		.del_char	1077
		_font_load	10D2
		_font_set	10E0
		_font_init	10EF
		_cls	1111
		.cls	1111
		.cr_curs	1143
		.adv_curs	1158
		.tmode	11B4
		.tmode_out	11DD
		_font_load_ibm_fixed	11ED
		_font_ibm_fixed	11F4
		_font_ibm_fixed_tiles	12F6
		.gmode	1AF6
		.vbl	1B58
		.lcd	1B63
		.draw_image	1B70
		.switch_data	1B7A
		_switch_data	1BB1
		_draw_image	1BCC
		.y_table	1BDF
		.init_vram	1CFF
		.init_wtt	1D0D
		.init_btt	1D1D
		.init_tt	1D2B
		.copy_vram	1D31
		_get_data	1D40
		_set_data	1D40
AREA _LIT
	RADIX HEX
	BASE 1D53
	SIZE 0000
	ATTRIB REL CON
AREA _GSINIT
	RADIX HEX
	BASE 1D53
	SIZE 0000
	ATTRIB REL CON
	GLOBALS
		gsinit	1D53
AREA _GSINITTAIL
	RADIX HEX
	BASE 1D53
	SIZE 0001
	ATTRIB REL CON
AREA _GSFINAL
	RADIX HEX
	BASE 1D54
	SIZE 0000
	ATTRIB REL CON
AREA _DATA
	RADIX HEX
	BASE C0A0
	SIZE 0000
	ATTRIB REL CON
AREA _BSS
	RADIX HEX
	BASE C0A0
	SIZE 0087
	ATTRIB REL CON
	GLOBALS
		__cpu	C0A0
		.mode	C0A1
		__io_out	C0A2
		__io_in	C0A3
		__io_status	C0A4
		.vbl_done	C0A5
		__current_bank	C0A6
		_sys_time	C0A7
		.sys_time	C0A7
		.int_0x40	C0A9
		.int_0x48	C0B9
		.int_0x50	C0C9
		.int_0x58	C0D9
		.int_0x60	C0E9
		font_current	C0FC
		font_first_free_tile	C0FF
		font_table	C100
		.curx	C112
		.cury	C113
		.fg_colour	C114
		.bg_colour	C115
AREA _HEAP
	RADIX HEX
	BASE C127
	SIZE 0000
	ATTRIB REL CON
	GLOBALS
		_malloc_heap_start	C127
AREA _OVERLAY
	RADIX HEX
	BASE C127
	SIZE 0000
	ATTRIB REL CON
AREA _ISEG
	RADIX HEX
	BASE C127
	SIZE 0000
	ATTRIB REL CON
AREA _BSEG
	RADIX HEX
	BASE C127
	SIZE 0000
	ATTRIB REL CON
AREA _XSEG
	RADIX HEX
	BASE C127
	SIZE 0000
	ATTRIB REL CON
AREA _SFR
	RADIX HEX
	BASE 0000
	SIZE 10000
	ATTRIB ABS OVR
	GLOBALS
		_P1_REG	FF00
		_SB_REG	FF01
		_SC_REG	FF02
		_DIV_REG	FF04
		_TIMA_REG	FF05
		_TMA_REG	FF06
		_TAC_REG	FF07
		_IF_REG	FF0F
		_NR10_REG	FF10
		_NR11_REG	FF11
		_NR12_REG	FF12
		_NR13_REG	FF13
		_NR14_REG	FF14
		_NR21_REG	FF16
		_NR22_REG	FF17
		_NR23_REG	FF18
		_NR24_REG	FF19
		_NR30_REG	FF1A
		_NR31_REG	FF1B
		_NR32_REG	FF1C
		_NR33_REG	FF1D
		_NR34_REG	FF1E
		_NR41_REG	FF20
		_NR42_REG	FF21
		_NR43_REG	FF22
		_NR44_REG	FF23
		_NR50_REG	FF24
		_NR51_REG	FF25
		_NR52_REG	FF26
		_LCDC_REG	FF40
		_STAT_REG	FF41
		_SCY_REG	FF42
		_SCX_REG	FF43
		_LY_REG	FF44
		_LYC_REG	FF45
		_DMA_REG	FF46
		_BGP_REG	FF47
		_OBP0_REG	FF48
		_OBP1_REG	FF49
		_WY_REG	FF4A
		_WX_REG	FF4B
		_KEY1_REG	FF4D
		_VBK_REG	FF4F
		_HDMA1_REG	FF51
		_HDMA2_REG	FF52
		_HDMA3_REG	FF53
		_HDMA4_REG	FF54
		_HDMA5_REG	FF55
		_RP_REG	FF56
		_BCPS_REG	FF68
		_BCPD_REG	FF69
		_OCPS_REG	FF6A
		_OCPD_REG	FF6B
		_SVBK_REG	FF70
		_IE_REG	FFFF
MODULES
	FILE c:\gbdk\lib/small/asxxxx/gb/crt0.o
		NAME Runtime
	FILE main.o
		NAME lcc166080
LIBRARIES
	LIBRARY c:\gbdk\lib/small/asxxxx/gb/gb.lib
		MODULE sfr.o
	LIBRARY c:\gbdk\lib/small/asxxxx/gbz80/gbz80.lib
		MODULE printf.o
	LIBRARY c:\gbdk\lib/small/asxxxx/gbz80/gbz80.lib
		MODULE div.o
	LIBRARY c:\gbdk\lib/small/asxxxx/gb/gb.lib
		MODULE font.o
	LIBRARY c:\gbdk\lib/small/asxxxx/gb/gb.lib
		MODULE ibmfixed.o
	LIBRARY c:\gbdk\lib/small/asxxxx/gb/gb.lib
		MODULE drawing.o
	LIBRARY c:\gbdk\lib/small/asxxxx/gb/gb.lib
		MODULE init_tt.o
	LIBRARY c:\gbdk\lib/small/asxxxx/gb/gb.lib
		MODULE cpy_data.o
USERBASEDEF
	_CODE=0x0200
	_DATA=0xC0A0
	_CODE_1=0x4000
USERGLOBALDEF
	.OAM=0xC000
	.STACK=0xE000
	.refresh_OAM=0xFF80
	.init=0x0000
