AREA .  .ABS.
	RADIX HEX
	BASE 0000
	SIZE 0000
	ATTRIB ABS OVR
	GLOBALS
		l__HEAP	0000
		l__BSEG	0000
		l_.  .ABS.	0000
		l__GSFINAL	0000
		l__ISEG	0000
		s_.  .ABS.	0000
		s__HEADER	0000
		l__XSEG	0000
		.init	0000
		l__OVERLAY	0000
		l__LIT	0000
		s__SFR	0000
		l__GSINITTAIL	0001
		l__DATA	0030
		l__BSS	0059
		l__CODE	0087
		l__GSINIT	0120
		l__BASE	0133
		l__HOME	01AC
		l__HEADER	01E1
		s__CODE	0200
		s__HOME	0287
		s__BASE	0433
		s__LIT	0566
		s__GSINIT	0566
		s__GSINITTAIL	0686
		s__GSFINAL	0687
		.OAM	C000
		s__DATA	C0A0
		s__BSS	C0D0
		s__HEAP	C129
		s__BSEG	C129
		s__ISEG	C129
		s__XSEG	C129
		s__OVERLAY	C129
		.STACK	E000
		.refresh_OAM	FF80
		l__SFR	10000
AREA _CODE
	RADIX HEX
	BASE 0200
	SIZE 0087
	ATTRIB REL CON
	GLOBALS
		_main	0200
AREA _HEADER
	RADIX HEX
	BASE 0000
	SIZE 01E1
	ATTRIB ABS OVR
	GLOBALS
		_exit	01D2
AREA _HOME
	RADIX HEX
	BASE 0287
	SIZE 01AC
	ATTRIB REL CON
	GLOBALS
		.set_mode	0287
		.remove_VBL	0297
		.remove_LCD	029D
		.remove_TIM	02A3
		.remove_SIO	02A9
		.remove_JOY	02AF
		.add_VBL	02B5
		.add_LCD	02BB
		.add_TIM	02C1
		.add_SIO	02C7
		.add_JOY	02CD
		.remove_int	02D3
		.add_int	02F3
		.wait_vbl_done	030F
		_wait_vbl_done	030F
		_display_off	0326
		.display_off	0326
		.serial_IO	0347
		_mode	0376
		_get_mode	037F
		_enable_interrupts	0384
		_disable_interrupts	0386
		_reset	0388
		.reset	0388
		_set_interrupts	038E
		_remove_VBL	0399
		_remove_LCD	03A4
		_remove_TIM	03AF
		_remove_SIO	03BA
		_remove_JOY	03C5
		_add_VBL	03D0
		_add_LCD	03DB
		_add_TIM	03E6
		_add_SIO	03F1
		_add_JOY	03FC
		_clock	0407
		__printTStates	0410
		banked_call	0411
		banked_ret	042A
AREA _BASE
	RADIX HEX
	BASE 0433
	SIZE 0133
	ATTRIB REL CON
	GLOBALS
		.mv_sprite	0433
		_move_sprite	0442
		_set_win_data	044F
		_set_bkg_data	044F
		_set_sprite_data	049C
		.scroll_sprite	04CB
		_scroll_sprite	04DC
		.set_sprite_tile	04E9
		_set_sprite_tile	04F6
		.delay	0501
		_delay	053B
		.copy_vram	0544
		_get_data	0553
		_set_data	0553
AREA _LIT
	RADIX HEX
	BASE 0566
	SIZE 0000
	ATTRIB REL CON
AREA _GSINIT
	RADIX HEX
	BASE 0566
	SIZE 0120
	ATTRIB REL CON
	GLOBALS
		gsinit	0566
AREA _GSINITTAIL
	RADIX HEX
	BASE 0686
	SIZE 0001
	ATTRIB REL CON
AREA _GSFINAL
	RADIX HEX
	BASE 0687
	SIZE 0000
	ATTRIB REL CON
AREA _DATA
	RADIX HEX
	BASE C0A0
	SIZE 0030
	ATTRIB REL CON
	GLOBALS
		_NKySprites	C0A0
AREA _BSS
	RADIX HEX
	BASE C0D0
	SIZE 0059
	ATTRIB REL CON
	GLOBALS
		__cpu	C0D0
		.mode	C0D1
		__io_out	C0D2
		__io_in	C0D3
		__io_status	C0D4
		.vbl_done	C0D5
		__current_bank	C0D6
		_sys_time	C0D7
		.sys_time	C0D7
		.int_0x40	C0D9
		.int_0x48	C0E9
		.int_0x50	C0F9
		.int_0x58	C109
		.int_0x60	C119
AREA _HEAP
	RADIX HEX
	BASE C129
	SIZE 0000
	ATTRIB REL CON
	GLOBALS
		_malloc_heap_start	C129
AREA _OVERLAY
	RADIX HEX
	BASE C129
	SIZE 0000
	ATTRIB REL CON
AREA _ISEG
	RADIX HEX
	BASE C129
	SIZE 0000
	ATTRIB REL CON
AREA _BSEG
	RADIX HEX
	BASE C129
	SIZE 0000
	ATTRIB REL CON
AREA _XSEG
	RADIX HEX
	BASE C129
	SIZE 0000
	ATTRIB REL CON
AREA _SFR
	RADIX HEX
	BASE 0000
	SIZE 10000
	ATTRIB ABS OVR
	GLOBALS
		_P1_REG	FF00
		_SB_REG	FF01
		_SC_REG	FF02
		_DIV_REG	FF04
		_TIMA_REG	FF05
		_TMA_REG	FF06
		_TAC_REG	FF07
		_IF_REG	FF0F
		_NR10_REG	FF10
		_NR11_REG	FF11
		_NR12_REG	FF12
		_NR13_REG	FF13
		_NR14_REG	FF14
		_NR21_REG	FF16
		_NR22_REG	FF17
		_NR23_REG	FF18
		_NR24_REG	FF19
		_NR30_REG	FF1A
		_NR31_REG	FF1B
		_NR32_REG	FF1C
		_NR33_REG	FF1D
		_NR34_REG	FF1E
		_NR41_REG	FF20
		_NR42_REG	FF21
		_NR43_REG	FF22
		_NR44_REG	FF23
		_NR50_REG	FF24
		_NR51_REG	FF25
		_NR52_REG	FF26
		_LCDC_REG	FF40
		_STAT_REG	FF41
		_SCY_REG	FF42
		_SCX_REG	FF43
		_LY_REG	FF44
		_LYC_REG	FF45
		_DMA_REG	FF46
		_BGP_REG	FF47
		_OBP0_REG	FF48
		_OBP1_REG	FF49
		_WY_REG	FF4A
		_WX_REG	FF4B
		_KEY1_REG	FF4D
		_VBK_REG	FF4F
		_HDMA1_REG	FF51
		_HDMA2_REG	FF52
		_HDMA3_REG	FF53
		_HDMA4_REG	FF54
		_HDMA5_REG	FF55
		_RP_REG	FF56
		_BCPS_REG	FF68
		_BCPD_REG	FF69
		_OCPS_REG	FF6A
		_OCPD_REG	FF6B
		_SVBK_REG	FF70
		_IE_REG	FFFF
MODULES
	FILE c:\gbdk\lib/small/asxxxx/gb/crt0.o
		NAME Runtime
	FILE main.o
		NAME lcc430120
LIBRARIES
	LIBRARY c:\gbdk\lib/small/asxxxx/gb/gb.lib
		MODULE sfr.o
	LIBRARY c:\gbdk\lib/small/asxxxx/gb/gb.lib
		MODULE mv_spr.o
	LIBRARY c:\gbdk\lib/small/asxxxx/gb/gb.lib
		MODULE set_data.o
	LIBRARY c:\gbdk\lib/small/asxxxx/gb/gb.lib
		MODULE scroll_s.o
	LIBRARY c:\gbdk\lib/small/asxxxx/gb/gb.lib
		MODULE set_spr.o
	LIBRARY c:\gbdk\lib/small/asxxxx/gb/gb.lib
		MODULE delay.o
	LIBRARY c:\gbdk\lib/small/asxxxx/gb/gb.lib
		MODULE cpy_data.o
USERBASEDEF
	_CODE=0x0200
	_DATA=0xC0A0
	_CODE_1=0x4000
USERGLOBALDEF
	.OAM=0xC000
	.STACK=0xE000
	.refresh_OAM=0xFF80
	.init=0x0000
